// Jest Snapshot v1, https://goo.gl/fbAQLP

exports[`MinusIcon should render 1`] = `
<SvgIcon
  className="my-favourite-icon"
  height="36px"
  width="36px"
>
  <path
    d="M17.214 13.25H7.786c-.432 0-.786-.338-.786-.75s.354-.75.786-.75h9.428c.432 0 .786.338.786.75s-.354.75-.786.75z"
  />
</SvgIcon>
`;
