// Jest Snapshot v1, https://goo.gl/fbAQLP

exports[`InfoSection renders correctly with props 1`] = `
.emotion-3 {
  height: 100px;
  width: 200px;
  display: -webkit-box;
  display: -webkit-flex;
  display: -ms-flexbox;
  display: flex;
  -webkit-flex-direction: row;
  -ms-flex-direction: row;
  flex-direction: row;
  -webkit-align-items: center;
  -webkit-box-align: center;
  -ms-flex-align: center;
  align-items: center;
  margin-right: 10px;
}

.emotion-1 {
  display: -webkit-box;
  display: -webkit-flex;
  display: -ms-flexbox;
  display: flex;
}

.emotion-0 {
  fill: #323232;
  margin-right: 11px;
}

.emotion-2 {
  color: #323232;
  line-height: 1.21;
  font-size: 14px;
  font-family: Ciutadella;
}

<InfoSection
  content="mock content"
  height="100px"
  width="200px"
>
  <div
    className="emotion-3"
  >
    <span
      className="emotion-1"
    >
      <Component
        className="emotion-0"
        height="16.8px"
        width="16.8px"
      >
        <span>
          Mock Info Icon
        </span>
      </Component>
    </span>
    <span
      className="runway-info-section__text-content emotion-2"
    >
      mock content
    </span>
  </div>
</InfoSection>
`;
