// Jest Snapshot v1, https://goo.gl/fbAQLP

exports[`Dialog renders correctly with defaults 1`] = `
<Fragment>
  <ForwardRef(render)
    styles={
      Object {
        "html, body": Object {
          "@media only screen and (max-width: 767px)": Object {
            "height": "100%",
            "overflow": "hidden",
          },
        },
      }
    }
  />
  <FocusLock>
    <div>
      mockHeader
    </div>
"mock content"
<div>
      mockHeader
    </div>
  </FocusLock>
</Fragment>
`;

exports[`Dialog renders correctly with props provided 1`] = `
<Fragment>
  <ForwardRef(render)
    styles={
      Object {
        "html, body": Object {
          "@media only screen and (max-width: 767px)": Object {
            "height": "100%",
            "overflow": "hidden",
          },
        },
      }
    }
  />
  <FocusLock>
    <div>
      mockHeader
    </div>
"mock content"
<div>
      mockHeader
    </div>
  </FocusLock>
</Fragment>
`;
