// Jest Snapshot v1, https://goo.gl/fbAQLP

exports[`Dialog renders correctly with defaults 1`] = `
<FocusLock>
  <div>
    mockHeader
  </div>
"mock content"
<div>
    mockHeader
  </div>
</FocusLock>
`;

exports[`Dialog renders correctly with props provided 1`] = `
<FocusLock>
  <div>
    mockHeader
  </div>
"mock content"
<div>
    mockHeader
  </div>
</FocusLock>
`;
