// Jest Snapshot v1, https://goo.gl/fbAQLP

exports[`Footer renders correctly with defaults 1`] = `
<Transition
  appear={false}
  enter={true}
  exit={true}
  in={false}
  mountOnEnter={false}
  onEnter={[Function]}
  onEntered={[Function]}
  onEntering={[Function]}
  onExit={[Function]}
  onExited={[Function]}
  onExiting={[Function]}
  timeout={300}
  unmountOnExit={false}
>
  <Component />
</Transition>
`;

exports[`Footer renders correctly with props provided 1`] = `
<Transition
  appear={false}
  enter={true}
  exit={true}
  in={false}
  mountOnEnter={false}
  onEnter={[Function]}
  onEntered={[Function]}
  onEntering={[Function]}
  onExit={[Function]}
  onExited={[Function]}
  onExiting={[Function]}
  timeout={300}
  unmountOnExit={false}
>
  <Component />
</Transition>
`;
