// Jest Snapshot v1, https://goo.gl/fbAQLP

exports[`PinIcon renders correctly with defaults 1`] = `
<PinIcon
  color="hotpink"
>
  <svg
    focusable="false"
    height="32px"
    viewBox="0 0 24 24"
    width="32px"
  >
    <defs>
      <path
        d="M7 0C3.13 0 0 3.13 0 7c0 5.25 7 13 7 13s7-7.75 7-13c0-3.87-3.13-7-7-7zm0 9.5a2.5 2.5 0 0 1 0-5 2.5 2.5 0 0 1 0 5z"
        id="a"
      />
    </defs>
    <g
      fill="none"
      fillRule="evenodd"
      transform="translate(5 2)"
    >
      <mask
        fill="#fff"
        id="b"
      >
        <use
          xlinkHref="#a"
        />
      </mask>
      <g
        fill="hotpink"
        mask="url(#b)"
      >
        <path
          d="M-5-2h24v24H-5z"
        />
      </g>
    </g>
  </svg>
</PinIcon>
`;
